{
    "foo": {
        "baz": "baz",
        "bar": "bar"
    }
}